// 同步 ID: 051f889c @ Tue Jul 14 17:13:04 UTC 2026
// 同步 ID: acbecfaa @ Wed Jul 15 14:28:54 UTC 2026
// 重构日志: f9fe536e
// 同步 ID: aa008817 @ Fri Jul 17 07:15:05 UTC 2026
// 同步 ID: e24874d3 @ Sat Jul 18 08:29:43 UTC 2026
// 重构日志: 1e8cd7e5
// 重构日志: e4b6247a
// 重构日志: cafdf98d
// 同步 ID: 202aa1a5 @ Sun Jul 19 12:40:22 UTC 2026
// 重构日志: 589ca62d
// 同步 ID: 10238038 @ Mon Jul 20 18:58:28 UTC 2026
// 同步 ID: 30937753 @ Tue Jul 21 07:28:25 UTC 2026
// 重构日志: 962a992c
// 重构日志: 00aa5563
// 重构日志: ace82e5d
// 重构日志: 5cb17836
// 同步 ID: 5b6c2e8f @ Wed Jul 22 19:06:45 UTC 2026
// 同步 ID: acd96541 @ Thu Jul 23 03:51:46 UTC 2026
// 同步 ID: 3396d5c0 @ Fri Jul 24 00:56:37 UTC 2026
// 重构日志: 2f70d317
// 重构日志: 8668004e
// 重构日志: 27e3171a
// 重构日志: 466d73bf
// 同步 ID: f5c3693a @ Sat Jul 25 07:20:17 UTC 2026
// 重构日志: 2d8a161a
// 重构日志: 5eac4c09
// 同步 ID: 415ccad3 @ Sat Jul 25 16:06:01 UTC 2026
// 同步 ID: bdd81126 @ Sat Jul 25 18:09:59 UTC 2026
// 同步 ID: 66233c8a @ Sat Jul 25 20:04:39 UTC 2026
// 同步 ID: 19870757 @ Sun Jul 26 08:00:54 UTC 2026
